.\gradlew.bat : WARNING: A restricted method in java.lang.System has been called
At line:1 char:1
+ .\gradlew.bat assembleDebug > build_output.txt 2>&1; Get-Content buil ...
+ ~~~~~~~~~~~~~~~~~~~~~~~~~~~~~~~~~~~~~~~~~~~~~~~~~~~
    + CategoryInfo          : NotSpecified: (WARNING: A rest...has been called:String) [], RemoteExceptio 
   n
    + FullyQualifiedErrorId : NativeCommandError
 
WARNING: java.lang.System::load has been called by 
net.rubygrapefruit.platform.internal.NativeLibraryLoader in an unnamed module (file:/C:/Users/theya/.gradl
e/wrapper/dists/gradle-8.13-bin/5xuhj0ry160q40clulazy9h7d/gradle-8.13/lib/native-platform-0.22-milestone-2
8.jar)
WARNING: Use --enable-native-access=ALL-UNNAMED to avoid a warning for callers in this module
WARNING: Restricted methods will be blocked in a future release unless native access is enabled

Configuration on demand is an incubating feature.

FAILURE: Build failed with an exception.

* What went wrong:
A problem occurred configuring root project 'SyncTax'.
> Multiple build operations failed.
      Could not read workspace metadata from 
C:\Users\theya\.gradle\caches\8.13\transforms\94fe251268e67916b36fbdb2b05b9d97\metadata.bin
      Could not read workspace metadata from 
C:\Users\theya\.gradle\caches\8.13\transforms\d845673446fe8f2835d7f2ca156c1ad6\metadata.bin
      Could not read workspace metadata from 
C:\Users\theya\.gradle\caches\8.13\transforms\e15e51c07b2011a6b6894a6342dabfb8\metadata.bin
      Could not read workspace metadata from 
C:\Users\theya\.gradle\caches\8.13\transforms\1c093816f323323f69e607cdd41d5c3d\metadata.bin
      Could not read workspace metadata from 
C:\Users\theya\.gradle\caches\8.13\transforms\ac1591c1f204f9ce3b0745765af25ebe\metadata.bin
      Could not read workspace metadata from 
C:\Users\theya\.gradle\caches\8.13\transforms\d5fb292725558f7fd13796c07cc51206\metadata.bin
      Could not read workspace metadata from 
C:\Users\theya\.gradle\caches\8.13\transforms\6436219123697356a53290ac8bdae102\metadata.bin
      Could not read workspace metadata from 
C:\Users\theya\.gradle\caches\8.13\transforms\ca7951d4efdae39bbe3f659b26cf839a\metadata.bin
      Could not read workspace metadata from 
C:\Users\theya\.gradle\caches\8.13\transforms\9497ac93106315495fba5745509ae74f\metadata.bin
      Could not read workspace metadata from 
C:\Users\theya\.gradle\caches\8.13\transforms\60f210c06a64d3c0adf99b0dfb661625\metadata.bin
      ...and 39 more failures.
   > Could not read workspace metadata from 
C:\Users\theya\.gradle\caches\8.13\transforms\94fe251268e67916b36fbdb2b05b9d97\metadata.bin
   > Could not read workspace metadata from 
C:\Users\theya\.gradle\caches\8.13\transforms\d845673446fe8f2835d7f2ca156c1ad6\metadata.bin
   > Could not read workspace metadata from 
C:\Users\theya\.gradle\caches\8.13\transforms\e15e51c07b2011a6b6894a6342dabfb8\metadata.bin
   > Could not read workspace metadata from 
C:\Users\theya\.gradle\caches\8.13\transforms\1c093816f323323f69e607cdd41d5c3d\metadata.bin
   > Could not read workspace metadata from 
C:\Users\theya\.gradle\caches\8.13\transforms\ac1591c1f204f9ce3b0745765af25ebe\metadata.bin
   > Could not read workspace metadata from 
C:\Users\theya\.gradle\caches\8.13\transforms\d5fb292725558f7fd13796c07cc51206\metadata.bin
   > Could not read workspace metadata from 
C:\Users\theya\.gradle\caches\8.13\transforms\6436219123697356a53290ac8bdae102\metadata.bin
   > Could not read workspace metadata from 
C:\Users\theya\.gradle\caches\8.13\transforms\ca7951d4efdae39bbe3f659b26cf839a\metadata.bin
   > Could not read workspace metadata from 
C:\Users\theya\.gradle\caches\8.13\transforms\9497ac93106315495fba5745509ae74f\metadata.bin
   > Could not read workspace metadata from 
C:\Users\theya\.gradle\caches\8.13\transforms\60f210c06a64d3c0adf99b0dfb661625\metadata.bin
   > Could not read workspace metadata from 
C:\Users\theya\.gradle\caches\8.13\transforms\84b39474e524a14c94dce02bb44d7790\metadata.bin
   > Could not read workspace metadata from 
C:\Users\theya\.gradle\caches\8.13\transforms\79fcf98ade75d9cb61380eeeb6442083\metadata.bin
   > Could not read workspace metadata from 
C:\Users\theya\.gradle\caches\8.13\transforms\0044246cf5830aa44a2b66ee55ecc21c\metadata.bin
   > Could not read workspace metadata from 
C:\Users\theya\.gradle\caches\8.13\transforms\e75fc3e2fec012a1adb6d7beaf119ca7\metadata.bin
   > Could not read workspace metadata from 
C:\Users\theya\.gradle\caches\8.13\transforms\9ee7701f246b99323ce6bbcf4d650dc8\metadata.bin
   > Could not read workspace metadata from 
C:\Users\theya\.gradle\caches\8.13\transforms\b5e31e2a02059bfd3709954e3a2b7d11\metadata.bin
   > Could not read workspace metadata from 
C:\Users\theya\.gradle\caches\8.13\transforms\c997fe8d0f86249a4523cd31cc454af5\metadata.bin
   > Could not read workspace metadata from 
C:\Users\theya\.gradle\caches\8.13\transforms\94f9a151f3041caab835e3151bdbbf92\metadata.bin
   > Could not read workspace metadata from 
C:\Users\theya\.gradle\caches\8.13\transforms\d6fda115d3082e8adaea86d227b98836\metadata.bin
   > Could not read workspace metadata from 
C:\Users\theya\.gradle\caches\8.13\transforms\004911d8656ae7ab1ba2f358efad7ded\metadata.bin
   > Could not read workspace metadata from 
C:\Users\theya\.gradle\caches\8.13\transforms\b0094fdd5b90a40052019dbd76cdc5a9\metadata.bin
   > Could not read workspace metadata from 
C:\Users\theya\.gradle\caches\8.13\transforms\854c9150fb06109e70daaf49d9a4ea01\metadata.bin
   > Could not read workspace metadata from 
C:\Users\theya\.gradle\caches\8.13\transforms\82d888e3093a477b0dc70e2e79e1748c\metadata.bin
   > Could not read workspace metadata from 
C:\Users\theya\.gradle\caches\8.13\transforms\92ce7510f10200dd9579160da54555ea\metadata.bin
   > Could not read workspace metadata from 
C:\Users\theya\.gradle\caches\8.13\transforms\4cca6e77b8c3377553a7eef4fa47f98e\metadata.bin
   > Could not read workspace metadata from 
C:\Users\theya\.gradle\caches\8.13\transforms\ef3a87a4b5fcdfbfefad0ede9d6e118a\metadata.bin
   > Could not read workspace metadata from 
C:\Users\theya\.gradle\caches\8.13\transforms\685fd57ce5574e517c0e1865d7ccf4a7\metadata.bin
   > Could not read workspace metadata from 
C:\Users\theya\.gradle\caches\8.13\transforms\f19219f5937b5814b2dd4f4bfe57f4d7\metadata.bin
   > Could not read workspace metadata from 
C:\Users\theya\.gradle\caches\8.13\transforms\2883ca64b3c003f428a8424bc5538690\metadata.bin
   > Could not read workspace metadata from 
C:\Users\theya\.gradle\caches\8.13\transforms\73cf6253100c2a585b5e3c4e0e0b6cf7\metadata.bin
   > Could not read workspace metadata from 
C:\Users\theya\.gradle\caches\8.13\transforms\c07a93c2160004e4cfe7c9a0f0a3516e\metadata.bin
   > Could not read workspace metadata from 
C:\Users\theya\.gradle\caches\8.13\transforms\0afa14255151d0e55476b2eb079a5484\metadata.bin
   > Could not read workspace metadata from 
C:\Users\theya\.gradle\caches\8.13\transforms\38d5a1c87ad44bc04539a877c61b792c\metadata.bin
   > Could not read workspace metadata from 
C:\Users\theya\.gradle\caches\8.13\transforms\5398abd34b864b21a0bbb8b273eb9ff5\metadata.bin
   > Could not read workspace metadata from 
C:\Users\theya\.gradle\caches\8.13\transforms\f1917a4da4da48c3434c57126f90b4ae\metadata.bin
   > Could not read workspace metadata from 
C:\Users\theya\.gradle\caches\8.13\transforms\87d3962894586c45f4b4bbdd05b7a832\metadata.bin
   > Could not read workspace metadata from 
C:\Users\theya\.gradle\caches\8.13\transforms\278dd713d3e0b1e5335f72e0e55cade0\metadata.bin
   > Could not read workspace metadata from 
C:\Users\theya\.gradle\caches\8.13\transforms\2b6f37964c9824c583d91eec9b3493cd\metadata.bin
   > Could not read workspace metadata from 
C:\Users\theya\.gradle\caches\8.13\transforms\11516c8975f10892b147df21257e6944\metadata.bin
   > Could not read workspace metadata from 
C:\Users\theya\.gradle\caches\8.13\transforms\e18ad86523489cbcfb7a080bb1473418\metadata.bin
   > Could not read workspace metadata from 
C:\Users\theya\.gradle\caches\8.13\transforms\68283338adbf473c8349d255f6865313\metadata.bin
   > Could not read workspace metadata from 
C:\Users\theya\.gradle\caches\8.13\transforms\1d43c122031d1056c84ad5cb3ebee987\metadata.bin
   > Could not read workspace metadata from 
C:\Users\theya\.gradle\caches\8.13\transforms\e861cefc7a82169b0f98ca4b50d17cf4\metadata.bin
   > Could not read workspace metadata from 
C:\Users\theya\.gradle\caches\8.13\transforms\e36add68518a363258e1d3115a6369f9\metadata.bin
   > Could not read workspace metadata from 
C:\Users\theya\.gradle\caches\8.13\transforms\4707cab5dd6121be5b14e198d6a7d97e\metadata.bin
   > Could not read workspace metadata from 
C:\Users\theya\.gradle\caches\8.13\transforms\1ab50100e3cfe053baf1c574d223f033\metadata.bin
   > Could not read workspace metadata from 
C:\Users\theya\.gradle\caches\8.13\transforms\e5ba1c612ead999905ae7d9201c77138\metadata.bin
   > Could not read workspace metadata from 
C:\Users\theya\.gradle\caches\8.13\transforms\434851247c223a1f86b0b775a1bda029\metadata.bin
   > Could not read workspace metadata from 
C:\Users\theya\.gradle\caches\8.13\transforms\c8468208efbf5cff1f70eef882681859\metadata.bin

* Try:
> Run with --stacktrace option to get the stack trace.
> Run with --info or --debug option to get more log output.
> Run with --scan to get full insights.
> Get more help at https://help.gradle.org.

BUILD FAILED in 910ms
